// Jest Snapshot v1, https://goo.gl/fbAQLP

exports[`APP should match App Snapshot 1`] = `
<div
  className="App"
>
  <h1
    className="app-title"
  >
    Turing Cafe Reservations
  </h1>
  <FormInput
    addReservation={[Function]}
  />
  <div
    className="resy-form"
  />
  <div
    className="resy-container"
  >
    <ReservationsContainer
      reservations={Array []}
    />
  </div>
</div>
`;
